// Jest Snapshot v1, https://goo.gl/fbAQLP

exports[`Pruebas en FirstApp should match with snapshot 1`] = `
<div>
  <h1
    data-testid="test-title"
  >
    Hola, soy Nilda
  </h1>
  <p>
    No hay subtitulo
  </p>
  <p>
    No hay subtitulo
  </p>
  <p>
    Margarita Iglesias
  </p>
</div>
`;
